#
# There is insufficient memory for the Java Runtime Environment to continue.
# Native memory allocation (malloc) failed to allocate 1565536 bytes. Error detail: Chunk::new
# Possible reasons:
#   The system is out of physical RAM or swap space
#   This process is running with CompressedOops enabled, and the Java Heap may be blocking the growth of the native heap
# Possible solutions:
#   Reduce memory load on the system
#   Increase physical memory or swap space
#   Check if swap backing store is full
#   Decrease Java heap size (-Xmx/-Xms)
#   Decrease number of Java threads
#   Decrease Java thread stack sizes (-Xss)
#   Set larger code cache with -XX:ReservedCodeCacheSize=
#   JVM is running with Unscaled Compressed Oops mode in which the Java heap is
#     placed in the first 4GB address space. The Java Heap base address is the
#     maximum limit for the native heap growth. Please use -XX:HeapBaseMinAddress
#     to set the Java Heap base and to place the Java Heap above 4GB virtual address.
# This output file may be truncated or incomplete.
#
#  Out of Memory Error (arena.cpp:168), pid=16840, tid=30148
#
# JRE version: OpenJDK Runtime Environment Temurin-21.0.8+9 (21.0.8+9) (build 21.0.8+9-LTS)
# Java VM: OpenJDK 64-Bit Server VM Temurin-21.0.8+9 (21.0.8+9-LTS, mixed mode, sharing, tiered, compressed oops, compressed class ptrs, parallel gc, windows-amd64)
# No core dump will be written. Minidumps are not enabled by default on client versions of Windows
#

---------------  S U M M A R Y ------------

Command Line: --add-modules=ALL-SYSTEM --add-opens=java.base/java.util=ALL-UNNAMED --add-opens=java.base/java.lang=ALL-UNNAMED --add-opens=java.base/sun.nio.fs=ALL-UNNAMED -Declipse.application=org.eclipse.jdt.ls.core.id1 -Dosgi.bundles.defaultStartLevel=4 -Declipse.product=org.eclipse.jdt.ls.core.product -Djava.import.generatesMetadataFilesAtProjectRoot=false -DDetectVMInstallationsJob.disabled=true -Dfile.encoding=utf8 -XX:+UseParallelGC -XX:GCTimeRatio=4 -XX:AdaptiveSizePolicyWeight=90 -Dsun.zip.disableMemoryMapping=true -Xmx2G -Xms100m -Xlog:disable -javaagent:c:\Users\gusta\.vscode\extensions\redhat.java-1.46.0-win32-x64\lombok\lombok-1.18.39-4050.jar -XX:+HeapDumpOnOutOfMemoryError -XX:HeapDumpPath=c:\Users\gusta\AppData\Roaming\Code\User\workspaceStorage\54a2dfcec610b4200f439239dc1fb522\redhat.java -Daether.dependencyCollector.impl=bf c:\Users\gusta\.vscode\extensions\redhat.java-1.46.0-win32-x64\server\plugins\org.eclipse.equinox.launcher_1.7.0.v20250519-0528.jar -configuration c:\Users\gusta\AppData\Roaming\Code\User\globalStorage\redhat.java\1.46.0\config_win -data c:\Users\gusta\AppData\Roaming\Code\User\workspaceStorage\54a2dfcec610b4200f439239dc1fb522\redhat.java\jdt_ws --pipe=\\.\pipe\lsp-2113fb95e5efee126102d6a16a315197-sock

Host: AMD Ryzen 7 5700U with Radeon Graphics         , 16 cores, 5G,  Windows 11 , 64 bit Build 26100 (10.0.26100.6725)
Time: Fri Oct 24 20:23:18 2025 Hora Padrão da Bahia elapsed time: 755.147851 seconds (0d 0h 12m 35s)

---------------  T H R E A D  ---------------

Current thread (0x000001864d406130):  JavaThread "C2 CompilerThread0" daemon [_thread_in_native, id=30148, stack(0x00000066eab00000,0x00000066eac00000) (1024K)]


Current CompileTask:
C2:755148 23446       4       org.eclipse.jdt.internal.compiler.lookup.MethodVerifier::computeInheritedMethods (1096 bytes)

Stack: [0x00000066eab00000,0x00000066eac00000]
Native frames: (J=compiled Java code, j=interpreted, Vv=VM code, C=native code)
V  [jvm.dll+0x6d2449]
V  [jvm.dll+0x8ae341]
V  [jvm.dll+0x8b08be]
V  [jvm.dll+0x8b0fa3]
V  [jvm.dll+0x280c96]
V  [jvm.dll+0xc581d]
V  [jvm.dll+0xc5d53]
V  [jvm.dll+0x3b919c]
V  [jvm.dll+0x1e1213]
V  [jvm.dll+0x249022]
V  [jvm.dll+0x2484af]
V  [jvm.dll+0x1c89ee]
V  [jvm.dll+0x257d4d]
V  [jvm.dll+0x2562ea]
V  [jvm.dll+0x3f2d16]
V  [jvm.dll+0x857e6b]
V  [jvm.dll+0x6d0b0d]
C  [ucrtbase.dll+0x37b0]
C  [KERNEL32.DLL+0x2e8d7]
C  [ntdll.dll+0x8c53c]


---------------  P R O C E S S  ---------------

Threads class SMR info:
_java_thread_list=0x000001867777b350, length=61, elements={
0x000001864b039a00, 0x000001864d2fe690, 0x000001864d3f68a0, 0x000001864d3f7780,
0x000001864d3f9190, 0x000001864d3fb340, 0x000001864d3fe670, 0x000001864d406130,
0x000001864d409950, 0x000001864d3b9d40, 0x000001866b031fa0, 0x000001866b6c4960,
0x000001866b4e6680, 0x000001866b6815c0, 0x000001866b683c30, 0x000001866bcd12e0,
0x000001866bcd0a60, 0x000001866bd89a70, 0x000001866bd893e0, 0x000001866bd8a100,
0x000001866bd88030, 0x000001866c6ea6f0, 0x000001866c6ead80, 0x000001866c6ece50,
0x000001866c6ea060, 0x000001866c6eb410, 0x000001866c6ebaa0, 0x000001866c6ec7c0,
0x000001866c6ec130, 0x000001866c6ed4e0, 0x000001866d9617d0, 0x000001866d95e9e0,
0x000001866d9624f0, 0x000001866d960ab0, 0x000001866d961e60, 0x000001866d95f700,
0x000001866d961140, 0x000001866d960420, 0x000001866d95f070, 0x000001866d962b80,
0x000001866d963210, 0x000001866d95fd90, 0x000001866d964c50, 0x000001866d966000,
0x000001866df5c960, 0x000001866df5e3a0, 0x000001866df5dd10, 0x000001866df5ea30,
0x000001866df5f0c0, 0x000001866df60470, 0x00000186652a90b0, 0x00000186652a9740,
0x00000186652a7d00, 0x00000186652ab810, 0x00000186652aa460, 0x00000186652a8390,
0x00000186652abea0, 0x00000186652ac530, 0x00000186652adf70, 0x00000186652ae600,
0x00000186652aec90
}

Java Threads: ( => current thread )
  0x000001864b039a00 JavaThread "main"                              [_thread_blocked, id=41580, stack(0x00000066ea100000,0x00000066ea200000) (1024K)]
  0x000001864d2fe690 JavaThread "Reference Handler"          daemon [_thread_blocked, id=11980, stack(0x00000066ea500000,0x00000066ea600000) (1024K)]
  0x000001864d3f68a0 JavaThread "Finalizer"                  daemon [_thread_blocked, id=34844, stack(0x00000066ea600000,0x00000066ea700000) (1024K)]
  0x000001864d3f7780 JavaThread "Signal Dispatcher"          daemon [_thread_blocked, id=37456, stack(0x00000066ea700000,0x00000066ea800000) (1024K)]
  0x000001864d3f9190 JavaThread "Attach Listener"            daemon [_thread_blocked, id=30652, stack(0x00000066ea800000,0x00000066ea900000) (1024K)]
  0x000001864d3fb340 JavaThread "Service Thread"             daemon [_thread_blocked, id=15676, stack(0x00000066ea900000,0x00000066eaa00000) (1024K)]
  0x000001864d3fe670 JavaThread "Monitor Deflation Thread"   daemon [_thread_blocked, id=39128, stack(0x00000066eaa00000,0x00000066eab00000) (1024K)]
=>0x000001864d406130 JavaThread "C2 CompilerThread0"         daemon [_thread_in_native, id=30148, stack(0x00000066eab00000,0x00000066eac00000) (1024K)]
  0x000001864d409950 JavaThread "C1 CompilerThread0"         daemon [_thread_blocked, id=35212, stack(0x00000066eac00000,0x00000066ead00000) (1024K)]
  0x000001864d3b9d40 JavaThread "Common-Cleaner"             daemon [_thread_blocked, id=21740, stack(0x00000066ead00000,0x00000066eae00000) (1024K)]
  0x000001866b031fa0 JavaThread "Notification Thread"        daemon [_thread_blocked, id=6640, stack(0x00000066eb000000,0x00000066eb100000) (1024K)]
  0x000001866b6c4960 JavaThread "Active Thread: Equinox Container: fcd31bbb-bf69-4b0e-a6f5-29924f4b1de0"        [_thread_blocked, id=39328, stack(0x00000066eb700000,0x00000066eb800000) (1024K)]
  0x000001866b4e6680 JavaThread "Refresh Thread: Equinox Container: fcd31bbb-bf69-4b0e-a6f5-29924f4b1de0" daemon [_thread_blocked, id=24144, stack(0x00000066eb900000,0x00000066eba00000) (1024K)]
  0x000001866b6815c0 JavaThread "Framework Event Dispatcher: Equinox Container: fcd31bbb-bf69-4b0e-a6f5-29924f4b1de0" daemon [_thread_blocked, id=11380, stack(0x00000066eba00000,0x00000066ebb00000) (1024K)]
  0x000001866b683c30 JavaThread "Start Level: Equinox Container: fcd31bbb-bf69-4b0e-a6f5-29924f4b1de0" daemon [_thread_blocked, id=26616, stack(0x00000066ebb00000,0x00000066ebc00000) (1024K)]
  0x000001866bcd12e0 JavaThread "Bundle File Closer"         daemon [_thread_blocked, id=16644, stack(0x00000066ebf00000,0x00000066ec000000) (1024K)]
  0x000001866bcd0a60 JavaThread "SCR Component Actor"        daemon [_thread_blocked, id=35360, stack(0x00000066ec000000,0x00000066ec100000) (1024K)]
  0x000001866bd89a70 JavaThread "Worker-JM"                         [_thread_blocked, id=40784, stack(0x00000066ec200000,0x00000066ec300000) (1024K)]
  0x000001866bd893e0 JavaThread "JNA Cleaner"                daemon [_thread_blocked, id=38080, stack(0x00000066ec400000,0x00000066ec500000) (1024K)]
  0x000001866bd8a100 JavaThread "Worker-1"                          [_thread_blocked, id=37284, stack(0x00000066ec600000,0x00000066ec700000) (1024K)]
  0x000001866bd88030 JavaThread "Java indexing"              daemon [_thread_blocked, id=21720, stack(0x00000066ec900000,0x00000066eca00000) (1024K)]
  0x000001866c6ea6f0 JavaThread "Worker-5"                          [_thread_blocked, id=9144, stack(0x00000066ecd00000,0x00000066ece00000) (1024K)]
  0x000001866c6ead80 JavaThread "Thread-1"                   daemon [_thread_in_native, id=36936, stack(0x00000066ece00000,0x00000066ecf00000) (1024K)]
  0x000001866c6ece50 JavaThread "Thread-2"                   daemon [_thread_in_native, id=26744, stack(0x00000066ecf00000,0x00000066ed000000) (1024K)]
  0x000001866c6ea060 JavaThread "Thread-3"                   daemon [_thread_in_native, id=36044, stack(0x00000066ed000000,0x00000066ed100000) (1024K)]
  0x000001866c6eb410 JavaThread "Thread-4"                   daemon [_thread_in_native, id=8924, stack(0x00000066ed100000,0x00000066ed200000) (1024K)]
  0x000001866c6ebaa0 JavaThread "Thread-5"                   daemon [_thread_in_native, id=38244, stack(0x00000066ed200000,0x00000066ed300000) (1024K)]
  0x000001866c6ec7c0 JavaThread "Thread-6"                   daemon [_thread_in_native, id=24240, stack(0x00000066ed300000,0x00000066ed400000) (1024K)]
  0x000001866c6ec130 JavaThread "Thread-7"                   daemon [_thread_in_native, id=30372, stack(0x00000066ed400000,0x00000066ed500000) (1024K)]
  0x000001866c6ed4e0 JavaThread "Thread-8"                   daemon [_thread_in_native, id=29400, stack(0x00000066ed500000,0x00000066ed600000) (1024K)]
  0x000001866d9617d0 JavaThread "Thread-9"                   daemon [_thread_in_native, id=19156, stack(0x00000066ed600000,0x00000066ed700000) (1024K)]
  0x000001866d95e9e0 JavaThread "Thread-10"                  daemon [_thread_in_native, id=5228, stack(0x00000066ed700000,0x00000066ed800000) (1024K)]
  0x000001866d9624f0 JavaThread "Thread-11"                  daemon [_thread_in_native, id=14028, stack(0x00000066ed800000,0x00000066ed900000) (1024K)]
  0x000001866d960ab0 JavaThread "Thread-12"                  daemon [_thread_in_native, id=36172, stack(0x00000066ed900000,0x00000066eda00000) (1024K)]
  0x000001866d961e60 JavaThread "Thread-13"                  daemon [_thread_in_native, id=29960, stack(0x00000066eda00000,0x00000066edb00000) (1024K)]
  0x000001866d95f700 JavaThread "Thread-14"                  daemon [_thread_in_native, id=23420, stack(0x00000066edb00000,0x00000066edc00000) (1024K)]
  0x000001866d961140 JavaThread "Thread-15"                  daemon [_thread_in_native, id=22576, stack(0x00000066edc00000,0x00000066edd00000) (1024K)]
  0x000001866d960420 JavaThread "Thread-16"                  daemon [_thread_in_native, id=38592, stack(0x00000066edd00000,0x00000066ede00000) (1024K)]
  0x000001866d95f070 JavaThread "Thread-17"                  daemon [_thread_in_native, id=21576, stack(0x00000066ede00000,0x00000066edf00000) (1024K)]
  0x000001866d962b80 JavaThread "pool-2-thread-1"                   [_thread_blocked, id=39504, stack(0x00000066edf00000,0x00000066ee000000) (1024K)]
  0x000001866d963210 JavaThread "WorkspaceEventsHandler"            [_thread_blocked, id=37876, stack(0x00000066ee000000,0x00000066ee100000) (1024K)]
  0x000001866d95fd90 JavaThread "pool-1-thread-1"                   [_thread_blocked, id=40460, stack(0x00000066ee100000,0x00000066ee200000) (1024K)]
  0x000001866d964c50 JavaThread "ForkJoinPool.commonPool-worker-1" daemon [_thread_blocked, id=35568, stack(0x00000066ee400000,0x00000066ee500000) (1024K)]
  0x000001866d966000 JavaThread "ForkJoinPool.commonPool-worker-6" daemon [_thread_blocked, id=35108, stack(0x00000066ee900000,0x00000066eea00000) (1024K)]
  0x000001866df5c960 JavaThread "ForkJoinPool.commonPool-worker-7" daemon [_thread_blocked, id=37476, stack(0x00000066eea00000,0x00000066eeb00000) (1024K)]
  0x000001866df5e3a0 JavaThread "ForkJoinPool.commonPool-worker-9" daemon [_thread_blocked, id=35944, stack(0x00000066eec00000,0x00000066eed00000) (1024K)]
  0x000001866df5dd10 JavaThread "ForkJoinPool.commonPool-worker-10" daemon [_thread_blocked, id=15232, stack(0x00000066eed00000,0x00000066eee00000) (1024K)]
  0x000001866df5ea30 JavaThread "ForkJoinPool.commonPool-worker-11" daemon [_thread_blocked, id=31116, stack(0x00000066eee00000,0x00000066eef00000) (1024K)]
  0x000001866df5f0c0 JavaThread "ForkJoinPool.commonPool-worker-13" daemon [_thread_blocked, id=33820, stack(0x00000066ef000000,0x00000066ef100000) (1024K)]
  0x000001866df60470 JavaThread "Cleaner-0"                  daemon [_thread_blocked, id=32892, stack(0x00000066eae00000,0x00000066eaf00000) (1024K)]
  0x00000186652a90b0 JavaThread "Compiler Source File Reader" daemon [_thread_blocked, id=27032, stack(0x00000066e9f00000,0x00000066ea000000) (1024K)]
  0x00000186652a9740 JavaThread "Compiler Processing Task"   daemon [_thread_blocked, id=36184, stack(0x00000066ea000000,0x00000066ea100000) (1024K)]
  0x00000186652a7d00 JavaThread "Worker-7: Publish Diagnostics"        [_thread_in_Java, id=4008, stack(0x00000066eaf00000,0x00000066eb000000) (1024K)]
  0x00000186652ab810 JavaThread "Compiler Source File Reader" daemon [_thread_blocked, id=30140, stack(0x00000066ec700000,0x00000066ec800000) (1024K)]
  0x00000186652aa460 JavaThread "Compiler Source File Reader" daemon [_thread_blocked, id=5116, stack(0x00000066ec800000,0x00000066ec900000) (1024K)]
  0x00000186652a8390 JavaThread "Compiler Source File Reader" daemon [_thread_blocked, id=18164, stack(0x00000066eca00000,0x00000066ecb00000) (1024K)]
  0x00000186652abea0 JavaThread "Compiler Source File Reader" daemon [_thread_blocked, id=27972, stack(0x00000066e9e00000,0x00000066e9f00000) (1024K)]
  0x00000186652ac530 JavaThread "Worker-8"                          [_thread_blocked, id=39912, stack(0x00000066ecb00000,0x00000066ecc00000) (1024K)]
  0x00000186652adf70 JavaThread "Compiler Source File Reader" daemon [_thread_blocked, id=39188, stack(0x00000066ecc00000,0x00000066ecd00000) (1024K)]
  0x00000186652ae600 JavaThread "ForkJoinPool.commonPool-worker-14" daemon [_thread_blocked, id=27060, stack(0x00000066ee200000,0x00000066ee300000) (1024K)]
  0x00000186652aec90 JavaThread "Compiler Source File Reader" daemon [_thread_blocked, id=27052, stack(0x00000066ee300000,0x00000066ee400000) (1024K)]
Total: 61

Other Threads:
  0x000001864d2e24a0 VMThread "VM Thread"                           [id=34828, stack(0x00000066ea400000,0x00000066ea500000) (1024K)]
  0x000001864d1dca00 WatcherThread "VM Periodic Task Thread"        [id=25696, stack(0x00000066ea300000,0x00000066ea400000) (1024K)]
  0x000001864d36cdc0 WorkerThread "GC Thread#0"                     [id=2368, stack(0x00000066ea200000,0x00000066ea300000) (1024K)]
  0x000001866b0f89b0 WorkerThread "GC Thread#1"                     [id=11860, stack(0x00000066eb100000,0x00000066eb200000) (1024K)]
  0x000001866b184700 WorkerThread "GC Thread#2"                     [id=5448, stack(0x00000066eb200000,0x00000066eb300000) (1024K)]
  0x000001866b184aa0 WorkerThread "GC Thread#3"                     [id=33860, stack(0x00000066eb300000,0x00000066eb400000) (1024K)]
  0x000001866b184e40 WorkerThread "GC Thread#4"                     [id=38024, stack(0x00000066eb400000,0x00000066eb500000) (1024K)]
  0x000001866b1851e0 WorkerThread "GC Thread#5"                     [id=34668, stack(0x00000066eb500000,0x00000066eb600000) (1024K)]
  0x000001866b185580 WorkerThread "GC Thread#6"                     [id=8696, stack(0x00000066eb600000,0x00000066eb700000) (1024K)]
  0x000001866b442db0 WorkerThread "GC Thread#7"                     [id=35908, stack(0x00000066eb800000,0x00000066eb900000) (1024K)]
  0x000001866bba85a0 WorkerThread "GC Thread#8"                     [id=31344, stack(0x00000066ebc00000,0x00000066ebd00000) (1024K)]
  0x000001866bbaaf30 WorkerThread "GC Thread#9"                     [id=27688, stack(0x00000066ebd00000,0x00000066ebe00000) (1024K)]
  0x000001866bbab670 WorkerThread "GC Thread#10"                    [id=36300, stack(0x00000066ebe00000,0x00000066ebf00000) (1024K)]
  0x000001866bbaab90 WorkerThread "GC Thread#11"                    [id=36020, stack(0x00000066ec100000,0x00000066ec200000) (1024K)]
  0x000001866bbab2d0 WorkerThread "GC Thread#12"                    [id=19172, stack(0x00000066ec300000,0x00000066ec400000) (1024K)]
Total: 15

Threads with active compile tasks:
C2 CompilerThread0  755241 23446       4       org.eclipse.jdt.internal.compiler.lookup.MethodVerifier::computeInheritedMethods (1096 bytes)
C1 CompilerThread0  755241 23488       3       org.eclipse.jdt.internal.compiler.lookup.CompilationUnitScope::computeConstantPoolName (182 bytes)
Total: 2

VM state: not at safepoint (normal execution)

VM Mutex/Monitor currently owned by a thread:  ([mutex/lock_event])
[0x00007ff869b73fd8] MethodCompileQueue_lock - owner thread: 0x000001864d409950
[0x00007ff869b75358] CodeCache_lock - owner thread: 0x000001864d409950
[0x00007ff869b754d8] Compile_lock - owner thread: 0x000001864d409950

Heap address: 0x0000000080000000, size: 2048 MB, Compressed Oops mode: 32-bit

CDS archive(s) mapped at: [0x0000018600000000-0x0000018600ba0000-0x0000018600ba0000), size 12189696, SharedBaseAddress: 0x0000018600000000, ArchiveRelocationMode: 1.
Compressed class space mapped at: 0x0000018601000000-0x0000018641000000, reserved size: 1073741824
Narrow klass base: 0x0000018600000000, Narrow klass shift: 0, Narrow klass range: 0x100000000

GC Precious Log:
 CardTable entry size: 512
 CPUs: 16 total, 16 available
 Memory: 6005M
 Large Page Support: Disabled
 NUMA Support: Disabled
 Compressed Oops: Enabled (32-bit)
 Alignments: Space 512K, Generation 512K, Heap 2M
 Heap Min Capacity: 100M
 Heap Initial Capacity: 100M
 Heap Max Capacity: 2G
 Pre-touch: Disabled
 Parallel Workers: 13

Heap:
 PSYoungGen      total 8192K, used 5688K [0x00000000d5580000, 0x00000000d6000000, 0x0000000100000000)
  eden space 7168K, 67% used [0x00000000d5580000,0x00000000d5a3df60,0x00000000d5c80000)
  from space 1024K, 81% used [0x00000000d5f00000,0x00000000d5fd0428,0x00000000d6000000)
  to   space 1536K, 0% used [0x00000000d5d00000,0x00000000d5d00000,0x00000000d5e80000)
 ParOldGen       total 528896K, used 193301K [0x0000000080000000, 0x00000000a0480000, 0x00000000d5580000)
  object space 528896K, 36% used [0x0000000080000000,0x000000008bcc5528,0x00000000a0480000)
 Metaspace       used 84867K, committed 86464K, reserved 1179648K
  class space    used 8596K, committed 9344K, reserved 1048576K

Card table byte_map: [0x000001864ccf0000,0x000001864d100000] _byte_map_base: 0x000001864c8f0000

Marking Bits: (ParMarkBitMap*) 0x00007ff869b7a340
 Begin Bits: [0x000001865f7f0000, 0x00000186617f0000)
 End Bits:   [0x00000186617f0000, 0x00000186637f0000)

Polling page: 0x000001864c950000

Metaspace:

Usage:
  Non-class:     74.48 MB used.
      Class:      8.40 MB used.
       Both:     82.88 MB used.

Virtual space:
  Non-class space:      128.00 MB reserved,      75.31 MB ( 59%) committed,  2 nodes.
      Class space:        1.00 GB reserved,       9.12 MB ( <1%) committed,  1 nodes.
             Both:        1.12 GB reserved,      84.44 MB (  7%) committed. 

Chunk freelists:
   Non-Class:  4.70 MB
       Class:  6.89 MB
        Both:  11.59 MB

MaxMetaspaceSize: unlimited
CompressedClassSpaceSize: 1.00 GB
Initial GC threshold: 21.00 MB
Current GC threshold: 140.00 MB
CDS: on
 - commit_granule_bytes: 65536.
 - commit_granule_words: 8192.
 - virtual_space_node_default_size: 8388608.
 - enlarge_chunks_in_place: 1.
 - use_allocation_guard: 0.


Internal statistics:

num_allocs_failed_limit: 9.
num_arena_births: 1514.
num_arena_deaths: 30.
num_vsnodes_births: 3.
num_vsnodes_deaths: 0.
num_space_committed: 1351.
num_space_uncommitted: 0.
num_chunks_returned_to_freelist: 45.
num_chunks_taken_from_freelist: 5581.
num_chunk_merges: 13.
num_chunk_splits: 3348.
num_chunks_enlarged: 1847.
num_inconsistent_stats: 0.

CodeHeap 'non-profiled nmethods': size=119168Kb used=18089Kb max_used=18089Kb free=101078Kb
 bounds [0x00000186580e0000, 0x00000186592c0000, 0x000001865f540000]
CodeHeap 'profiled nmethods': size=119104Kb used=45075Kb max_used=53562Kb free=74028Kb
 bounds [0x0000018650540000, 0x0000018653990000, 0x0000018657990000]
CodeHeap 'non-nmethods': size=7488Kb used=1512Kb max_used=3241Kb free=5975Kb
 bounds [0x0000018657990000, 0x0000018657cd0000, 0x00000186580e0000]
CodeCache: size=245760Kb, used=64676Kb, max_used=74892Kb, free=181081Kb
 total_blobs=19958, nmethods=19127, adapters=731, full_count=0
Compilation: enabled, stopped_count=0, restarted_count=0

Compilation events (20 events):
Event: 753.741 Thread 0x000001864d409950 23461       3       org.eclipse.core.internal.events.ResourceComparator::compareMarkers (41 bytes)
Event: 753.742 Thread 0x000001864d409950 nmethod 23461 0x0000018650a11790 code [0x0000018650a11960, 0x0000018650a11fb0]
Event: 753.742 Thread 0x000001864d409950 23464       3       org.eclipse.core.internal.jobs.InternalJob::isAboutToRunCanceled (15 bytes)
Event: 753.743 Thread 0x000001864d409950 nmethod 23464 0x000001865160e390 code [0x000001865160e540, 0x000001865160e6b8]
Event: 753.802 Thread 0x000001864d409950 23465       3       org.eclipse.jdt.internal.core.search.indexing.AbstractIndexer::addConstructorReference (58 bytes)
Event: 753.805 Thread 0x000001864d409950 nmethod 23465 0x0000018651601a10 code [0x0000018651601e40, 0x00000186516039a8]
Event: 753.805 Thread 0x000001864d409950 23467       3       org.eclipse.jdt.internal.core.search.indexing.SourceIndexerRequestor::acceptConstructorReference (102 bytes)
Event: 753.807 Thread 0x000001864d409950 nmethod 23467 0x0000018651e73d90 code [0x0000018651e74060, 0x0000018651e74cb8]
Event: 753.807 Thread 0x000001864d409950 23466       3       org.eclipse.jdt.internal.core.search.matching.ConstructorPattern::createIndexKey (33 bytes)
Event: 753.807 Thread 0x000001864d409950 nmethod 23466 0x0000018651354110 code [0x0000018651354320, 0x0000018651354790]
Event: 753.808 Thread 0x000001864d409950 23469       3       org.eclipse.jdt.ls.core.internal.handlers.BaseDocumentLifeCycleHandler$PublishDiagnosticJob::belongsTo (7 bytes)
Event: 753.808 Thread 0x000001864d409950 nmethod 23469 0x0000018650e48310 code [0x0000018650e484c0, 0x0000018650e48608]
Event: 753.847 Thread 0x000001864d409950 23470       3       org.eclipse.jdt.internal.compiler.lookup.TypeSystem::<init> (59 bytes)
Event: 753.848 Thread 0x000001864d409950 nmethod 23470 0x0000018650c95290 code [0x0000018650c954a0, 0x0000018650c95a48]
Event: 754.287 Thread 0x000001864d409950 23473   !   3       jdk.proxy6.$Proxy25::notifyProgress (34 bytes)
Event: 754.289 Thread 0x000001864d409950 nmethod 23473 0x0000018651c72090 code [0x0000018651c72260, 0x0000018651c72748]
Event: 754.289 Thread 0x000001864d409950 23474       3       org.eclipse.lsp4j.adapters.WorkDoneProgressNotificationAdapter::write (10 bytes)
Event: 754.292 Thread 0x000001864d409950 nmethod 23474 0x00000186509a9790 code [0x00000186509a9940, 0x00000186509a9ba0]
Event: 754.292 Thread 0x000001864d409950 23480       3       java.lang.Runtime$Version::parse (358 bytes)
Event: 755.135 Thread 0x000001864d409950 nmethod 23480 0x0000018651732510 code [0x0000018651732c60, 0x00000186517368b8]

GC Heap History (20 events):
Event: 751.402 GC heap before
{Heap before GC invocations=911 (full 5):
 PSYoungGen      total 11776K, used 11665K [0x00000000d5580000, 0x00000000d6380000, 0x0000000100000000)
  eden space 10240K, 100% used [0x00000000d5580000,0x00000000d5f80000,0x00000000d5f80000)
  from space 1536K, 92% used [0x00000000d5f80000,0x00000000d60e44b8,0x00000000d6100000)
  to   space 2048K, 0% used [0x00000000d6180000,0x00000000d6180000,0x00000000d6380000)
 ParOldGen       total 528896K, used 179759K [0x0000000080000000, 0x00000000a0480000, 0x00000000d5580000)
  object space 528896K, 33% used [0x0000000080000000,0x000000008af8bcc0,0x00000000a0480000)
 Metaspace       used 84764K, committed 86400K, reserved 1179648K
  class space    used 8588K, committed 9344K, reserved 1048576K
}
Event: 751.409 GC heap after
{Heap after GC invocations=911 (full 5):
 PSYoungGen      total 10752K, used 2035K [0x00000000d5580000, 0x00000000d6680000, 0x0000000100000000)
  eden space 8704K, 0% used [0x00000000d5580000,0x00000000d5580000,0x00000000d5e00000)
  from space 2048K, 99% used [0x00000000d6180000,0x00000000d637cfe0,0x00000000d6380000)
  to   space 3584K, 0% used [0x00000000d5e00000,0x00000000d5e00000,0x00000000d6180000)
 ParOldGen       total 528896K, used 180973K [0x0000000080000000, 0x00000000a0480000, 0x00000000d5580000)
  object space 528896K, 34% used [0x0000000080000000,0x000000008b0bb470,0x00000000a0480000)
 Metaspace       used 84764K, committed 86400K, reserved 1179648K
  class space    used 8588K, committed 9344K, reserved 1048576K
}
Event: 751.874 GC heap before
{Heap before GC invocations=912 (full 5):
 PSYoungGen      total 10752K, used 10739K [0x00000000d5580000, 0x00000000d6680000, 0x0000000100000000)
  eden space 8704K, 100% used [0x00000000d5580000,0x00000000d5e00000,0x00000000d5e00000)
  from space 2048K, 99% used [0x00000000d6180000,0x00000000d637cfe0,0x00000000d6380000)
  to   space 3584K, 0% used [0x00000000d5e00000,0x00000000d5e00000,0x00000000d6180000)
 ParOldGen       total 528896K, used 180973K [0x0000000080000000, 0x00000000a0480000, 0x00000000d5580000)
  object space 528896K, 34% used [0x0000000080000000,0x000000008b0bb470,0x00000000a0480000)
 Metaspace       used 84779K, committed 86400K, reserved 1179648K
  class space    used 8588K, committed 9344K, reserved 1048576K
}
Event: 751.889 GC heap after
{Heap after GC invocations=912 (full 5):
 PSYoungGen      total 10240K, used 1123K [0x00000000d5580000, 0x00000000d6200000, 0x0000000100000000)
  eden space 8704K, 0% used [0x00000000d5580000,0x00000000d5580000,0x00000000d5e00000)
  from space 1536K, 73% used [0x00000000d5e00000,0x00000000d5f18e90,0x00000000d5f80000)
  to   space 2048K, 0% used [0x00000000d6000000,0x00000000d6000000,0x00000000d6200000)
 ParOldGen       total 528896K, used 183055K [0x0000000080000000, 0x00000000a0480000, 0x00000000d5580000)
  object space 528896K, 34% used [0x0000000080000000,0x000000008b2c3d48,0x00000000a0480000)
 Metaspace       used 84779K, committed 86400K, reserved 1179648K
  class space    used 8588K, committed 9344K, reserved 1048576K
}
Event: 752.243 GC heap before
{Heap before GC invocations=913 (full 5):
 PSYoungGen      total 10240K, used 9827K [0x00000000d5580000, 0x00000000d6200000, 0x0000000100000000)
  eden space 8704K, 99% used [0x00000000d5580000,0x00000000d5dfffe8,0x00000000d5e00000)
  from space 1536K, 73% used [0x00000000d5e00000,0x00000000d5f18e90,0x00000000d5f80000)
  to   space 2048K, 0% used [0x00000000d6000000,0x00000000d6000000,0x00000000d6200000)
 ParOldGen       total 528896K, used 183055K [0x0000000080000000, 0x00000000a0480000, 0x00000000d5580000)
  object space 528896K, 34% used [0x0000000080000000,0x000000008b2c3d48,0x00000000a0480000)
 Metaspace       used 84815K, committed 86464K, reserved 1179648K
  class space    used 8596K, committed 9344K, reserved 1048576K
}
Event: 752.251 GC heap after
{Heap after GC invocations=913 (full 5):
 PSYoungGen      total 9216K, used 2018K [0x00000000d5580000, 0x00000000d6500000, 0x0000000100000000)
  eden space 7168K, 0% used [0x00000000d5580000,0x00000000d5580000,0x00000000d5c80000)
  from space 2048K, 98% used [0x00000000d6000000,0x00000000d61f8a88,0x00000000d6200000)
  to   space 3584K, 0% used [0x00000000d5c80000,0x00000000d5c80000,0x00000000d6000000)
 ParOldGen       total 528896K, used 184001K [0x0000000080000000, 0x00000000a0480000, 0x00000000d5580000)
  object space 528896K, 34% used [0x0000000080000000,0x000000008b3b0550,0x00000000a0480000)
 Metaspace       used 84815K, committed 86464K, reserved 1179648K
  class space    used 8596K, committed 9344K, reserved 1048576K
}
Event: 752.318 GC heap before
{Heap before GC invocations=914 (full 5):
 PSYoungGen      total 9216K, used 9186K [0x00000000d5580000, 0x00000000d6500000, 0x0000000100000000)
  eden space 7168K, 100% used [0x00000000d5580000,0x00000000d5c80000,0x00000000d5c80000)
  from space 2048K, 98% used [0x00000000d6000000,0x00000000d61f8a88,0x00000000d6200000)
  to   space 3584K, 0% used [0x00000000d5c80000,0x00000000d5c80000,0x00000000d6000000)
 ParOldGen       total 528896K, used 184001K [0x0000000080000000, 0x00000000a0480000, 0x00000000d5580000)
  object space 528896K, 34% used [0x0000000080000000,0x000000008b3b0550,0x00000000a0480000)
 Metaspace       used 84834K, committed 86464K, reserved 1179648K
  class space    used 8596K, committed 9344K, reserved 1048576K
}
Event: 752.330 GC heap after
{Heap after GC invocations=914 (full 5):
 PSYoungGen      total 8192K, used 865K [0x00000000d5580000, 0x00000000d6080000, 0x0000000100000000)
  eden space 7168K, 0% used [0x00000000d5580000,0x00000000d5580000,0x00000000d5c80000)
  from space 1024K, 84% used [0x00000000d5c80000,0x00000000d5d58428,0x00000000d5d80000)
  to   space 2048K, 0% used [0x00000000d5e80000,0x00000000d5e80000,0x00000000d6080000)
 ParOldGen       total 528896K, used 185395K [0x0000000080000000, 0x00000000a0480000, 0x00000000d5580000)
  object space 528896K, 35% used [0x0000000080000000,0x000000008b50cd48,0x00000000a0480000)
 Metaspace       used 84834K, committed 86464K, reserved 1179648K
  class space    used 8596K, committed 9344K, reserved 1048576K
}
Event: 752.414 GC heap before
{Heap before GC invocations=915 (full 5):
 PSYoungGen      total 8192K, used 8033K [0x00000000d5580000, 0x00000000d6080000, 0x0000000100000000)
  eden space 7168K, 100% used [0x00000000d5580000,0x00000000d5c80000,0x00000000d5c80000)
  from space 1024K, 84% used [0x00000000d5c80000,0x00000000d5d58428,0x00000000d5d80000)
  to   space 2048K, 0% used [0x00000000d5e80000,0x00000000d5e80000,0x00000000d6080000)
 ParOldGen       total 528896K, used 185395K [0x0000000080000000, 0x00000000a0480000, 0x00000000d5580000)
  object space 528896K, 35% used [0x0000000080000000,0x000000008b50cd48,0x00000000a0480000)
 Metaspace       used 84834K, committed 86464K, reserved 1179648K
  class space    used 8596K, committed 9344K, reserved 1048576K
}
Event: 752.416 GC heap after
{Heap after GC invocations=915 (full 5):
 PSYoungGen      total 9216K, used 1655K [0x00000000d5580000, 0x00000000d6080000, 0x0000000100000000)
  eden space 7168K, 0% used [0x00000000d5580000,0x00000000d5580000,0x00000000d5c80000)
  from space 2048K, 80% used [0x00000000d5e80000,0x00000000d601dfc0,0x00000000d6080000)
  to   space 2048K, 0% used [0x00000000d5c80000,0x00000000d5c80000,0x00000000d5e80000)
 ParOldGen       total 528896K, used 185459K [0x0000000080000000, 0x00000000a0480000, 0x00000000d5580000)
  object space 528896K, 35% used [0x0000000080000000,0x000000008b51cd48,0x00000000a0480000)
 Metaspace       used 84834K, committed 86464K, reserved 1179648K
  class space    used 8596K, committed 9344K, reserved 1048576K
}
Event: 752.452 GC heap before
{Heap before GC invocations=916 (full 5):
 PSYoungGen      total 9216K, used 8823K [0x00000000d5580000, 0x00000000d6080000, 0x0000000100000000)
  eden space 7168K, 100% used [0x00000000d5580000,0x00000000d5c80000,0x00000000d5c80000)
  from space 2048K, 80% used [0x00000000d5e80000,0x00000000d601dfc0,0x00000000d6080000)
  to   space 2048K, 0% used [0x00000000d5c80000,0x00000000d5c80000,0x00000000d5e80000)
 ParOldGen       total 528896K, used 185459K [0x0000000080000000, 0x00000000a0480000, 0x00000000d5580000)
  object space 528896K, 35% used [0x0000000080000000,0x000000008b51cd48,0x00000000a0480000)
 Metaspace       used 84834K, committed 86464K, reserved 1179648K
  class space    used 8596K, committed 9344K, reserved 1048576K
}
Event: 752.454 GC heap after
{Heap after GC invocations=916 (full 5):
 PSYoungGen      total 8192K, used 1024K [0x00000000d5580000, 0x00000000d5f80000, 0x0000000100000000)
  eden space 7168K, 0% used [0x00000000d5580000,0x00000000d5580000,0x00000000d5c80000)
  from space 1024K, 100% used [0x00000000d5c80000,0x00000000d5d80000,0x00000000d5d80000)
  to   space 1536K, 0% used [0x00000000d5e00000,0x00000000d5e00000,0x00000000d5f80000)
 ParOldGen       total 528896K, used 185555K [0x0000000080000000, 0x00000000a0480000, 0x00000000d5580000)
  object space 528896K, 35% used [0x0000000080000000,0x000000008b534d48,0x00000000a0480000)
 Metaspace       used 84834K, committed 86464K, reserved 1179648K
  class space    used 8596K, committed 9344K, reserved 1048576K
}
Event: 752.501 GC heap before
{Heap before GC invocations=917 (full 5):
 PSYoungGen      total 8192K, used 8192K [0x00000000d5580000, 0x00000000d5f80000, 0x0000000100000000)
  eden space 7168K, 100% used [0x00000000d5580000,0x00000000d5c80000,0x00000000d5c80000)
  from space 1024K, 100% used [0x00000000d5c80000,0x00000000d5d80000,0x00000000d5d80000)
  to   space 1536K, 0% used [0x00000000d5e00000,0x00000000d5e00000,0x00000000d5f80000)
 ParOldGen       total 528896K, used 185555K [0x0000000080000000, 0x00000000a0480000, 0x00000000d5580000)
  object space 528896K, 35% used [0x0000000080000000,0x000000008b534d48,0x00000000a0480000)
 Metaspace       used 84842K, committed 86464K, reserved 1179648K
  class space    used 8596K, committed 9344K, reserved 1048576K
}
Event: 752.528 GC heap after
{Heap after GC invocations=917 (full 5):
 PSYoungGen      total 8704K, used 1124K [0x00000000d5580000, 0x00000000d5f80000, 0x0000000100000000)
  eden space 7168K, 0% used [0x00000000d5580000,0x00000000d5580000,0x00000000d5c80000)
  from space 1536K, 73% used [0x00000000d5e00000,0x00000000d5f19020,0x00000000d5f80000)
  to   space 1536K, 0% used [0x00000000d5c80000,0x00000000d5c80000,0x00000000d5e00000)
 ParOldGen       total 528896K, used 187226K [0x0000000080000000, 0x00000000a0480000, 0x00000000d5580000)
  object space 528896K, 35% used [0x0000000080000000,0x000000008b6d68d0,0x00000000a0480000)
 Metaspace       used 84842K, committed 86464K, reserved 1179648K
  class space    used 8596K, committed 9344K, reserved 1048576K
}
Event: 753.447 GC heap before
{Heap before GC invocations=918 (full 5):
 PSYoungGen      total 8704K, used 8292K [0x00000000d5580000, 0x00000000d5f80000, 0x0000000100000000)
  eden space 7168K, 100% used [0x00000000d5580000,0x00000000d5c80000,0x00000000d5c80000)
  from space 1536K, 73% used [0x00000000d5e00000,0x00000000d5f19020,0x00000000d5f80000)
  to   space 1536K, 0% used [0x00000000d5c80000,0x00000000d5c80000,0x00000000d5e00000)
 ParOldGen       total 528896K, used 187226K [0x0000000080000000, 0x00000000a0480000, 0x00000000d5580000)
  object space 528896K, 35% used [0x0000000080000000,0x000000008b6d68d0,0x00000000a0480000)
 Metaspace       used 84852K, committed 86464K, reserved 1179648K
  class space    used 8596K, committed 9344K, reserved 1048576K
}
Event: 753.465 GC heap after
{Heap after GC invocations=918 (full 5):
 PSYoungGen      total 8704K, used 1520K [0x00000000d5580000, 0x00000000d6580000, 0x0000000100000000)
  eden space 7168K, 0% used [0x00000000d5580000,0x00000000d5580000,0x00000000d5c80000)
  from space 1536K, 98% used [0x00000000d5c80000,0x00000000d5dfc0e0,0x00000000d5e00000)
  to   space 4608K, 0% used [0x00000000d6100000,0x00000000d6100000,0x00000000d6580000)
 ParOldGen       total 528896K, used 189594K [0x0000000080000000, 0x00000000a0480000, 0x00000000d5580000)
  object space 528896K, 35% used [0x0000000080000000,0x000000008b9268d0,0x00000000a0480000)
 Metaspace       used 84852K, committed 86464K, reserved 1179648K
  class space    used 8596K, committed 9344K, reserved 1048576K
}
Event: 753.539 GC heap before
{Heap before GC invocations=919 (full 5):
 PSYoungGen      total 8704K, used 8637K [0x00000000d5580000, 0x00000000d6580000, 0x0000000100000000)
  eden space 7168K, 99% used [0x00000000d5580000,0x00000000d5c73648,0x00000000d5c80000)
  from space 1536K, 98% used [0x00000000d5c80000,0x00000000d5dfc0e0,0x00000000d5e00000)
  to   space 4608K, 0% used [0x00000000d6100000,0x00000000d6100000,0x00000000d6580000)
 ParOldGen       total 528896K, used 189594K [0x0000000080000000, 0x00000000a0480000, 0x00000000d5580000)
  object space 528896K, 35% used [0x0000000080000000,0x000000008b9268d0,0x00000000a0480000)
 Metaspace       used 84852K, committed 86464K, reserved 1179648K
  class space    used 8596K, committed 9344K, reserved 1048576K
}
Event: 753.543 GC heap after
{Heap after GC invocations=919 (full 5):
 PSYoungGen      total 11264K, used 3753K [0x00000000d5580000, 0x00000000d6500000, 0x0000000100000000)
  eden space 7168K, 0% used [0x00000000d5580000,0x00000000d5580000,0x00000000d5c80000)
  from space 4096K, 91% used [0x00000000d6100000,0x00000000d64aa760,0x00000000d6500000)
  to   space 4096K, 0% used [0x00000000d5d00000,0x00000000d5d00000,0x00000000d6100000)
 ParOldGen       total 528896K, used 189755K [0x0000000080000000, 0x00000000a0480000, 0x00000000d5580000)
  object space 528896K, 35% used [0x0000000080000000,0x000000008b94ecf8,0x00000000a0480000)
 Metaspace       used 84852K, committed 86464K, reserved 1179648K
  class space    used 8596K, committed 9344K, reserved 1048576K
}
Event: 753.814 GC heap before
{Heap before GC invocations=920 (full 5):
 PSYoungGen      total 11264K, used 10921K [0x00000000d5580000, 0x00000000d6500000, 0x0000000100000000)
  eden space 7168K, 100% used [0x00000000d5580000,0x00000000d5c80000,0x00000000d5c80000)
  from space 4096K, 91% used [0x00000000d6100000,0x00000000d64aa760,0x00000000d6500000)
  to   space 4096K, 0% used [0x00000000d5d00000,0x00000000d5d00000,0x00000000d6100000)
 ParOldGen       total 528896K, used 189755K [0x0000000080000000, 0x00000000a0480000, 0x00000000d5580000)
  object space 528896K, 35% used [0x0000000080000000,0x000000008b94ecf8,0x00000000a0480000)
 Metaspace       used 84863K, committed 86464K, reserved 1179648K
  class space    used 8596K, committed 9344K, reserved 1048576K
}
Event: 753.830 GC heap after
{Heap after GC invocations=920 (full 5):
 PSYoungGen      total 8704K, used 1474K [0x00000000d5580000, 0x00000000d6180000, 0x0000000100000000)
  eden space 7168K, 0% used [0x00000000d5580000,0x00000000d5580000,0x00000000d5c80000)
  from space 1536K, 95% used [0x00000000d5d00000,0x00000000d5e70830,0x00000000d5e80000)
  to   space 2560K, 0% used [0x00000000d5f00000,0x00000000d5f00000,0x00000000d6180000)
 ParOldGen       total 528896K, used 192331K [0x0000000080000000, 0x00000000a0480000, 0x00000000d5580000)
  object space 528896K, 36% used [0x0000000080000000,0x000000008bbd2cf8,0x00000000a0480000)
 Metaspace       used 84863K, committed 86464K, reserved 1179648K
  class space    used 8596K, committed 9344K, reserved 1048576K
}

Dll operation events (12 events):
Event: 0.031 Loaded shared library c:\Users\gusta\.vscode\extensions\redhat.java-1.46.0-win32-x64\jre\21.0.8-win32-x86_64\bin\java.dll
Event: 0.201 Loaded shared library c:\Users\gusta\.vscode\extensions\redhat.java-1.46.0-win32-x64\jre\21.0.8-win32-x86_64\bin\zip.dll
Event: 0.252 Loaded shared library C:\Users\gusta\.vscode\extensions\redhat.java-1.46.0-win32-x64\jre\21.0.8-win32-x86_64\bin\instrument.dll
Event: 0.265 Loaded shared library C:\Users\gusta\.vscode\extensions\redhat.java-1.46.0-win32-x64\jre\21.0.8-win32-x86_64\bin\net.dll
Event: 0.274 Loaded shared library C:\Users\gusta\.vscode\extensions\redhat.java-1.46.0-win32-x64\jre\21.0.8-win32-x86_64\bin\nio.dll
Event: 0.284 Loaded shared library C:\Users\gusta\.vscode\extensions\redhat.java-1.46.0-win32-x64\jre\21.0.8-win32-x86_64\bin\zip.dll
Event: 0.333 Loaded shared library C:\Users\gusta\.vscode\extensions\redhat.java-1.46.0-win32-x64\jre\21.0.8-win32-x86_64\bin\jimage.dll
Event: 0.537 Loaded shared library c:\Users\gusta\.vscode\extensions\redhat.java-1.46.0-win32-x64\jre\21.0.8-win32-x86_64\bin\verify.dll
Event: 3.143 Loaded shared library C:\Users\gusta\AppData\Roaming\Code\User\globalStorage\redhat.java\1.46.0\config_win\org.eclipse.equinox.launcher\org.eclipse.equinox.launcher.win32.win32.x86_64_1.2.1400.v20250801-0854\eclipse_11916.dll
Event: 6.386 Loaded shared library C:\Users\gusta\AppData\Local\Temp\jna-98722418\jna4855686551188533499.dll
Event: 9.658 Loaded shared library C:\Users\gusta\.vscode\extensions\redhat.java-1.46.0-win32-x64\jre\21.0.8-win32-x86_64\bin\sunmscapi.dll
Event: 10.480 Loaded shared library C:\Users\gusta\.vscode\extensions\redhat.java-1.46.0-win32-x64\jre\21.0.8-win32-x86_64\bin\extnet.dll

Deoptimization events (20 events):
Event: 752.356 Thread 0x000001866d966000 DEOPT PACKING pc=0x0000018650a55da2 sp=0x00000066ee9fe0b0
Event: 752.356 Thread 0x000001866d966000 DEOPT UNPACKING pc=0x00000186579e4242 sp=0x00000066ee9fd5c0 mode 0
Event: 752.443 Thread 0x000001866d966000 DEOPT PACKING pc=0x00000186512c22f8 sp=0x00000066ee9fdb10
Event: 752.443 Thread 0x000001866d966000 DEOPT UNPACKING pc=0x00000186579e4242 sp=0x00000066ee9fcfc8 mode 0
Event: 752.500 Thread 0x000001866d966000 DEOPT PACKING pc=0x0000018653838a59 sp=0x00000066ee9fd890
Event: 752.500 Thread 0x000001866d966000 DEOPT UNPACKING pc=0x00000186579e4242 sp=0x00000066ee9fcd70 mode 0
Event: 752.529 Thread 0x000001866d966000 DEOPT PACKING pc=0x0000018653838a59 sp=0x00000066ee9fd890
Event: 752.529 Thread 0x000001866d966000 DEOPT UNPACKING pc=0x00000186579e4242 sp=0x00000066ee9fcd70 mode 0
Event: 753.567 Thread 0x00000186652a9740 Uncommon trap: trap_request=0xffffff6e fr.pc=0x00000186592aabb4 relative=0x0000000000000794
Event: 753.567 Thread 0x00000186652a9740 Uncommon trap: reason=loop_limit_check action=maybe_recompile pc=0x00000186592aabb4 method=org.eclipse.jdt.internal.compiler.lookup.MethodVerifier.computeInheritedMethods(Lorg/eclipse/jdt/internal/compiler/lookup/ReferenceBinding;[Lorg/eclipse/jdt/interna
Event: 753.567 Thread 0x00000186652a9740 DEOPT PACKING pc=0x00000186592aabb4 sp=0x00000066ea0fe9e0
Event: 753.567 Thread 0x00000186652a9740 DEOPT UNPACKING pc=0x00000186579e3aa2 sp=0x00000066ea0fe9d0 mode 2
Event: 753.571 Thread 0x00000186652a9740 DEOPT PACKING pc=0x00000186537e6d99 sp=0x00000066ea0fe0f0
Event: 753.571 Thread 0x00000186652a9740 DEOPT UNPACKING pc=0x00000186579e4242 sp=0x00000066ea0fd668 mode 0
Event: 753.571 Thread 0x00000186652a9740 Uncommon trap: trap_request=0xffffff6e fr.pc=0x000001865850d93c relative=0x000000000000725c
Event: 753.571 Thread 0x00000186652a9740 Uncommon trap: reason=loop_limit_check action=maybe_recompile pc=0x000001865850d93c method=org.eclipse.jdt.internal.compiler.lookup.MethodVerifier.computeInheritedMethods(Lorg/eclipse/jdt/internal/compiler/lookup/ReferenceBinding;[Lorg/eclipse/jdt/interna
Event: 753.571 Thread 0x00000186652a9740 DEOPT PACKING pc=0x000001865850d93c sp=0x00000066ea0fe9e0
Event: 753.571 Thread 0x00000186652a9740 DEOPT UNPACKING pc=0x00000186579e3aa2 sp=0x00000066ea0fe9d0 mode 2
Event: 753.864 Thread 0x000001866d966000 DEOPT PACKING pc=0x0000018650a55da2 sp=0x00000066ee9fe0b0
Event: 753.864 Thread 0x000001866d966000 DEOPT UNPACKING pc=0x00000186579e4242 sp=0x00000066ee9fd5c0 mode 0

Classes loaded (20 events):
Event: 653.319 Loading class sun/security/ssl/SSLEngineOutputRecord$HandshakeMemo
Event: 653.319 Loading class sun/security/ssl/SSLEngineOutputRecord$RecordMemo
Event: 653.320 Loading class sun/security/ssl/SSLEngineOutputRecord$RecordMemo done
Event: 653.320 Loading class sun/security/ssl/SSLEngineOutputRecord$HandshakeMemo done
Event: 653.331 Loading class sun/security/ssl/PreSharedKeyExtension$SHPreSharedKeySpec
Event: 653.331 Loading class sun/security/ssl/PreSharedKeyExtension$SHPreSharedKeySpec done
Event: 653.377 Loading class sun/net/www/http/KeepAliveCleanerEntry
Event: 653.382 Loading class sun/net/www/http/KeepAliveCleanerEntry done
Event: 653.382 Loading class sun/net/www/http/KeepAliveStream$1
Event: 653.385 Loading class sun/net/www/http/KeepAliveStream$1 done
Event: 653.388 Loading class sun/net/www/http/ChunkedInputStream
Event: 653.399 Loading class sun/net/www/http/ChunkedInputStream done
Event: 744.455 Loading class java/util/concurrent/ConcurrentHashMap$TreeNode
Event: 744.461 Loading class java/util/concurrent/ConcurrentHashMap$TreeNode done
Event: 744.461 Loading class java/util/concurrent/ConcurrentHashMap$TreeBin
Event: 744.504 Loading class java/util/concurrent/ConcurrentHashMap$TreeBin done
Event: 752.029 Loading class java/util/stream/ReferencePipeline$15
Event: 752.033 Loading class java/util/stream/ReferencePipeline$15 done
Event: 752.041 Loading class java/util/stream/ReferencePipeline$15$1
Event: 752.042 Loading class java/util/stream/ReferencePipeline$15$1 done

Classes unloaded (15 events):
Event: 7.702 Thread 0x000001864d2e24a0 Unloading class 0x00000186011af400 'java/lang/invoke/LambdaForm$MH+0x00000186011af400'
Event: 7.702 Thread 0x000001864d2e24a0 Unloading class 0x00000186011af000 'java/lang/invoke/LambdaForm$MH+0x00000186011af000'
Event: 7.702 Thread 0x000001864d2e24a0 Unloading class 0x00000186011aec00 'java/lang/invoke/LambdaForm$MH+0x00000186011aec00'
Event: 7.702 Thread 0x000001864d2e24a0 Unloading class 0x00000186011ae800 'java/lang/invoke/LambdaForm$MH+0x00000186011ae800'
Event: 7.702 Thread 0x000001864d2e24a0 Unloading class 0x00000186011ae400 'java/lang/invoke/LambdaForm$BMH+0x00000186011ae400'
Event: 7.702 Thread 0x000001864d2e24a0 Unloading class 0x00000186011ae000 'java/lang/invoke/LambdaForm$DMH+0x00000186011ae000'
Event: 7.702 Thread 0x000001864d2e24a0 Unloading class 0x00000186011acc00 'java/lang/invoke/LambdaForm$DMH+0x00000186011acc00'
Event: 9.835 Thread 0x000001864d2e24a0 Unloading class 0x000001860130a400 'java/lang/invoke/LambdaForm$MH+0x000001860130a400'
Event: 9.835 Thread 0x000001864d2e24a0 Unloading class 0x0000018601309c00 'java/lang/invoke/LambdaForm$MH+0x0000018601309c00'
Event: 9.835 Thread 0x000001864d2e24a0 Unloading class 0x0000018601309400 'java/lang/invoke/LambdaForm$MH+0x0000018601309400'
Event: 9.835 Thread 0x000001864d2e24a0 Unloading class 0x0000018601308800 'java/lang/invoke/LambdaForm$MH+0x0000018601308800'
Event: 9.835 Thread 0x000001864d2e24a0 Unloading class 0x0000018601308400 'java/lang/invoke/LambdaForm$DMH+0x0000018601308400'
Event: 58.015 Thread 0x000001864d2e24a0 Unloading class 0x0000018601750000 'java/lang/invoke/LambdaForm$MH+0x0000018601750000'
Event: 58.016 Thread 0x000001864d2e24a0 Unloading class 0x000001860174f400 'java/lang/invoke/LambdaForm$MH+0x000001860174f400'
Event: 58.031 Thread 0x000001864d2e24a0 Unloading class 0x000001860174f000 'java/lang/invoke/LambdaForm$MH+0x000001860174f000'

Classes redefined (0 events):
No events

Internal exceptions (20 events):
Event: 745.418 Thread 0x000001866df5c960 Exception <a 'java/lang/ArrayIndexOutOfBoundsException'{0x00000000d59e79d0}> (0x00000000d59e79d0) 
thrown [s\src\hotspot\share\runtime\sharedRuntime.cpp, line 625]
Event: 745.419 Thread 0x000001866df5c960 Exception <a 'java/lang/ArrayIndexOutOfBoundsException'{0x00000000d5a1caf0}> (0x00000000d5a1caf0) 
thrown [s\src\hotspot\share\runtime\sharedRuntime.cpp, line 625]
Event: 745.531 Thread 0x000001866df5c960 Exception <a 'java/lang/ArrayIndexOutOfBoundsException'{0x00000000d5947cf0}> (0x00000000d5947cf0) 
thrown [s\src\hotspot\share\runtime\sharedRuntime.cpp, line 625]
Event: 745.532 Thread 0x000001866df5c960 Exception <a 'java/lang/ArrayIndexOutOfBoundsException'{0x00000000d594e148}> (0x00000000d594e148) 
thrown [s\src\hotspot\share\runtime\sharedRuntime.cpp, line 625]
Event: 745.757 Thread 0x000001866d964c50 Exception <a 'java/lang/ArrayIndexOutOfBoundsException'{0x00000000d5dcf2f0}> (0x00000000d5dcf2f0) 
thrown [s\src\hotspot\share\runtime\sharedRuntime.cpp, line 625]
Event: 745.758 Thread 0x000001866d964c50 Exception <a 'java/lang/ArrayIndexOutOfBoundsException'{0x00000000d5dd69d8}> (0x00000000d5dd69d8) 
thrown [s\src\hotspot\share\runtime\sharedRuntime.cpp, line 625]
Event: 745.908 Thread 0x000001866d966000 Exception <a 'java/lang/ArrayIndexOutOfBoundsException'{0x00000000d58b4fb8}> (0x00000000d58b4fb8) 
thrown [s\src\hotspot\share\runtime\sharedRuntime.cpp, line 625]
Event: 745.909 Thread 0x000001866d966000 Exception <a 'java/lang/ArrayIndexOutOfBoundsException'{0x00000000d58c0dc8}> (0x00000000d58c0dc8) 
thrown [s\src\hotspot\share\runtime\sharedRuntime.cpp, line 625]
Event: 746.010 Thread 0x000001866d966000 Exception <a 'java/lang/ArrayIndexOutOfBoundsException'{0x00000000d5e42450}> (0x00000000d5e42450) 
thrown [s\src\hotspot\share\runtime\sharedRuntime.cpp, line 625]
Event: 746.010 Thread 0x000001866d966000 Exception <a 'java/lang/ArrayIndexOutOfBoundsException'{0x00000000d5e48878}> (0x00000000d5e48878) 
thrown [s\src\hotspot\share\runtime\sharedRuntime.cpp, line 625]
Event: 746.025 Thread 0x000001866df5f0c0 Exception <a 'java/lang/ArrayIndexOutOfBoundsException'{0x00000000d5eeb010}> (0x00000000d5eeb010) 
thrown [s\src\hotspot\share\runtime\sharedRuntime.cpp, line 625]
Event: 746.026 Thread 0x000001866df5f0c0 Exception <a 'java/lang/ArrayIndexOutOfBoundsException'{0x00000000d5ef2938}> (0x00000000d5ef2938) 
thrown [s\src\hotspot\share\runtime\sharedRuntime.cpp, line 625]
Event: 747.454 Thread 0x000001866df5f0c0 Exception <a 'java/lang/ArrayIndexOutOfBoundsException'{0x00000000d5dde4f0}> (0x00000000d5dde4f0) 
thrown [s\src\hotspot\share\runtime\sharedRuntime.cpp, line 625]
Event: 747.456 Thread 0x000001866df5f0c0 Exception <a 'java/lang/ArrayIndexOutOfBoundsException'{0x00000000d5dee800}> (0x00000000d5dee800) 
thrown [s\src\hotspot\share\runtime\sharedRuntime.cpp, line 625]
Event: 747.707 Thread 0x000001866df5f0c0 Exception <a 'java/lang/ArrayIndexOutOfBoundsException'{0x00000000d58cd190}> (0x00000000d58cd190) 
thrown [s\src\hotspot\share\runtime\sharedRuntime.cpp, line 625]
Event: 747.707 Thread 0x000001866df5f0c0 Exception <a 'java/lang/ArrayIndexOutOfBoundsException'{0x00000000d58d4878}> (0x00000000d58d4878) 
thrown [s\src\hotspot\share\runtime\sharedRuntime.cpp, line 625]
Event: 752.401 Thread 0x000001866d966000 Exception <a 'java/lang/ArrayIndexOutOfBoundsException'{0x00000000d5a6b778}> (0x00000000d5a6b778) 
thrown [s\src\hotspot\share\runtime\sharedRuntime.cpp, line 625]
Event: 752.401 Thread 0x000001866d966000 Exception <a 'java/lang/ArrayIndexOutOfBoundsException'{0x00000000d5a72e50}> (0x00000000d5a72e50) 
thrown [s\src\hotspot\share\runtime\sharedRuntime.cpp, line 625]
Event: 753.412 Thread 0x000001866bd88030 Exception <a 'sun/nio/fs/WindowsException'{0x00000000d57f9a90}> (0x00000000d57f9a90) 
thrown [s\src\hotspot\share\prims\jni.cpp, line 520]
Event: 753.570 Thread 0x000001866bd88030 Exception <a 'sun/nio/fs/WindowsException'{0x00000000d568a3e0}> (0x00000000d568a3e0) 
thrown [s\src\hotspot\share\prims\jni.cpp, line 520]

ZGC Phase Switch (0 events):
No events

VM Operations (20 events):
Event: 751.409 Executing VM operation: ParallelGCFailedAllocation (Allocation Failure) done
Event: 751.874 Executing VM operation: ParallelGCFailedAllocation (Allocation Failure)
Event: 751.889 Executing VM operation: ParallelGCFailedAllocation (Allocation Failure) done
Event: 752.243 Executing VM operation: ParallelGCFailedAllocation (Allocation Failure)
Event: 752.251 Executing VM operation: ParallelGCFailedAllocation (Allocation Failure) done
Event: 752.318 Executing VM operation: ParallelGCFailedAllocation (Allocation Failure)
Event: 752.330 Executing VM operation: ParallelGCFailedAllocation (Allocation Failure) done
Event: 752.414 Executing VM operation: ParallelGCFailedAllocation (Allocation Failure)
Event: 752.417 Executing VM operation: ParallelGCFailedAllocation (Allocation Failure) done
Event: 752.452 Executing VM operation: ParallelGCFailedAllocation (Allocation Failure)
Event: 752.455 Executing VM operation: ParallelGCFailedAllocation (Allocation Failure) done
Event: 752.501 Executing VM operation: ParallelGCFailedAllocation (Allocation Failure)
Event: 752.528 Executing VM operation: ParallelGCFailedAllocation (Allocation Failure) done
Event: 753.447 Executing VM operation: ParallelGCFailedAllocation (Allocation Failure)
Event: 753.465 Executing VM operation: ParallelGCFailedAllocation (Allocation Failure) done
Event: 753.539 Executing VM operation: ParallelGCFailedAllocation (Allocation Failure)
Event: 753.543 Executing VM operation: ParallelGCFailedAllocation (Allocation Failure) done
Event: 753.813 Executing VM operation: ParallelGCFailedAllocation (Allocation Failure)
Event: 753.830 Executing VM operation: ParallelGCFailedAllocation (Allocation Failure) done
Event: 754.830 Executing VM operation: Cleanup

Memory protections (0 events):
No events

Nmethod flushes (20 events):
Event: 719.214 Thread 0x000001864d2e24a0 flushing osr nmethod 0x0000018652535790
Event: 719.214 Thread 0x000001864d2e24a0 flushing  nmethod 0x0000018652568c10
Event: 719.214 Thread 0x000001864d2e24a0 flushing osr nmethod 0x00000186525b6790
Event: 719.214 Thread 0x000001864d2e24a0 flushing  nmethod 0x0000018652632190
Event: 719.214 Thread 0x000001864d2e24a0 flushing  nmethod 0x00000186526bd690
Event: 719.214 Thread 0x000001864d2e24a0 flushing  nmethod 0x0000018652735c10
Event: 719.215 Thread 0x000001864d2e24a0 flushing  nmethod 0x0000018652737590
Event: 719.215 Thread 0x000001864d2e24a0 flushing  nmethod 0x0000018652739810
Event: 719.215 Thread 0x000001864d2e24a0 flushing  nmethod 0x000001865273ad90
Event: 719.215 Thread 0x000001864d2e24a0 flushing  nmethod 0x0000018652788710
Event: 719.215 Thread 0x000001864d2e24a0 flushing  nmethod 0x000001865279ad10
Event: 719.216 Thread 0x000001864d2e24a0 flushing  nmethod 0x0000018652887690
Event: 719.216 Thread 0x000001864d2e24a0 flushing  nmethod 0x0000018652887a90
Event: 719.216 Thread 0x000001864d2e24a0 flushing  nmethod 0x0000018652888090
Event: 719.216 Thread 0x000001864d2e24a0 flushing  nmethod 0x0000018652888810
Event: 719.216 Thread 0x000001864d2e24a0 flushing  nmethod 0x0000018652888c10
Event: 719.217 Thread 0x000001864d2e24a0 flushing  nmethod 0x0000018652889d90
Event: 719.217 Thread 0x000001864d2e24a0 flushing  nmethod 0x000001865288b590
Event: 719.217 Thread 0x000001864d2e24a0 flushing  nmethod 0x00000186528dc790
Event: 719.217 Thread 0x000001864d2e24a0 flushing  nmethod 0x000001865295d010

Events (20 events):
Event: 663.932 Thread 0x00000186652a9dd0 Thread exited: 0x00000186652a9dd0
Event: 665.320 Thread 0x000001864d406130 Thread added: 0x000001866c637b70
Event: 670.615 Thread 0x000001866c637b70 Thread exited: 0x000001866c637b70
Event: 672.581 Thread 0x000001864d409950 Thread added: 0x000001866c637b70
Event: 673.007 Thread 0x000001866c637b70 Thread exited: 0x000001866c637b70
Event: 674.699 Thread 0x000001864d409950 Thread added: 0x000001866c6396b0
Event: 677.633 Thread 0x000001866bd8a100 Thread added: 0x00000186652a90b0
Event: 677.689 Thread 0x000001866bd8a100 Thread added: 0x00000186652a9740
Event: 677.708 Thread 0x000001866c6ea6f0 Thread added: 0x00000186652a7d00
Event: 677.943 Thread 0x000001866bd8a100 Thread added: 0x00000186652ab810
Event: 677.944 Thread 0x000001866bd8a100 Thread added: 0x00000186652aa460
Event: 677.945 Thread 0x000001866bd8a100 Thread added: 0x00000186652a8390
Event: 679.359 Thread 0x000001866c6396b0 Thread exited: 0x000001866c6396b0
Event: 710.452 Thread 0x000001864d406130 Thread added: 0x000001866c6396b0
Event: 714.350 Thread 0x000001866c6396b0 Thread exited: 0x000001866c6396b0
Event: 714.978 Thread 0x00000186652a7d00 Thread added: 0x00000186652abea0
Event: 715.024 Thread 0x000001866c6ea6f0 Thread added: 0x00000186652ac530
Event: 741.727 Thread 0x000001866c6ea6f0 Thread added: 0x00000186652adf70
Event: 744.349 Thread 0x000001866d95fd90 Thread added: 0x00000186652ae600
Event: 753.555 Thread 0x000001866bd8a100 Thread added: 0x00000186652aec90


Dynamic libraries:
0x00007ff6be880000 - 0x00007ff6be88e000 	c:\Users\gusta\.vscode\extensions\redhat.java-1.46.0-win32-x64\jre\21.0.8-win32-x86_64\bin\java.exe
0x00007ff8cb460000 - 0x00007ff8cb6c8000 	C:\WINDOWS\SYSTEM32\ntdll.dll
0x00007ff8c9cd0000 - 0x00007ff8c9d99000 	C:\WINDOWS\System32\KERNEL32.DLL
0x00007ff8c88b0000 - 0x00007ff8c8ca2000 	C:\WINDOWS\System32\KERNELBASE.dll
0x00007ff8c86b0000 - 0x00007ff8c87fb000 	C:\WINDOWS\System32\ucrtbase.dll
0x00007ff8bb250000 - 0x00007ff8bb26e000 	c:\Users\gusta\.vscode\extensions\redhat.java-1.46.0-win32-x64\jre\21.0.8-win32-x86_64\bin\VCRUNTIME140.dll
0x00007ff8b9640000 - 0x00007ff8b9658000 	c:\Users\gusta\.vscode\extensions\redhat.java-1.46.0-win32-x64\jre\21.0.8-win32-x86_64\bin\jli.dll
0x00007ff8c9f40000 - 0x00007ff8ca105000 	C:\WINDOWS\System32\USER32.dll
0x00007ff8c9030000 - 0x00007ff8c9057000 	C:\WINDOWS\System32\win32u.dll
0x00007ff8c7800000 - 0x00007ff8c7a93000 	C:\WINDOWS\WinSxS\amd64_microsoft.windows.common-controls_6595b64144ccf1df_6.0.26100.6899_none_3e0efeeae32e88c1\COMCTL32.dll
0x00007ff8cb290000 - 0x00007ff8cb2bb000 	C:\WINDOWS\System32\GDI32.dll
0x00007ff8cad20000 - 0x00007ff8cadc9000 	C:\WINDOWS\System32\msvcrt.dll
0x00007ff8c9100000 - 0x00007ff8c922d000 	C:\WINDOWS\System32\gdi32full.dll
0x00007ff8c8800000 - 0x00007ff8c88a3000 	C:\WINDOWS\System32\msvcp_win.dll
0x00007ff8c9f00000 - 0x00007ff8c9f2f000 	C:\WINDOWS\System32\IMM32.DLL
0x00007ff8bb380000 - 0x00007ff8bb38c000 	c:\Users\gusta\.vscode\extensions\redhat.java-1.46.0-win32-x64\jre\21.0.8-win32-x86_64\bin\vcruntime140_1.dll
0x00007ff8a6f70000 - 0x00007ff8a6ffd000 	c:\Users\gusta\.vscode\extensions\redhat.java-1.46.0-win32-x64\jre\21.0.8-win32-x86_64\bin\msvcp140.dll
0x00007ff868ec0000 - 0x00007ff869c57000 	c:\Users\gusta\.vscode\extensions\redhat.java-1.46.0-win32-x64\jre\21.0.8-win32-x86_64\bin\server\jvm.dll
0x00007ff8c9c10000 - 0x00007ff8c9cc4000 	C:\WINDOWS\System32\ADVAPI32.dll
0x00007ff8cae70000 - 0x00007ff8caf16000 	C:\WINDOWS\System32\sechost.dll
0x00007ff8caf20000 - 0x00007ff8cb038000 	C:\WINDOWS\System32\RPCRT4.dll
0x00007ff8c9e80000 - 0x00007ff8c9ef4000 	C:\WINDOWS\System32\WS2_32.dll
0x00007ff8c8450000 - 0x00007ff8c84ae000 	C:\WINDOWS\SYSTEM32\POWRPROF.dll
0x00007ff8c0d30000 - 0x00007ff8c0d3b000 	C:\WINDOWS\SYSTEM32\VERSION.dll
0x00007ff8c0350000 - 0x00007ff8c0385000 	C:\WINDOWS\SYSTEM32\WINMM.dll
0x00007ff8c8430000 - 0x00007ff8c8444000 	C:\WINDOWS\SYSTEM32\UMPDC.dll
0x00007ff8c6a90000 - 0x00007ff8c6aab000 	C:\WINDOWS\SYSTEM32\kernel.appcore.dll
0x00007ff8b8770000 - 0x00007ff8b877a000 	c:\Users\gusta\.vscode\extensions\redhat.java-1.46.0-win32-x64\jre\21.0.8-win32-x86_64\bin\jimage.dll
0x00007ff8c7db0000 - 0x00007ff8c7ff2000 	C:\WINDOWS\SYSTEM32\DBGHELP.DLL
0x00007ff8c9230000 - 0x00007ff8c95ab000 	C:\WINDOWS\System32\combase.dll
0x00007ff8cabc0000 - 0x00007ff8cac97000 	C:\WINDOWS\System32\OLEAUT32.dll
0x00007ff8c7ca0000 - 0x00007ff8c7cdc000 	C:\WINDOWS\SYSTEM32\dbgcore.DLL
0x00007ff8c9060000 - 0x00007ff8c90f8000 	C:\WINDOWS\System32\bcryptPrimitives.dll
0x00007ff8b72e0000 - 0x00007ff8b72ef000 	c:\Users\gusta\.vscode\extensions\redhat.java-1.46.0-win32-x64\jre\21.0.8-win32-x86_64\bin\instrument.dll
0x00007ff8b2e60000 - 0x00007ff8b2e7f000 	c:\Users\gusta\.vscode\extensions\redhat.java-1.46.0-win32-x64\jre\21.0.8-win32-x86_64\bin\java.dll
0x00007ff8ca340000 - 0x00007ff8caa8d000 	C:\WINDOWS\System32\SHELL32.dll
0x00007ff8c8ec0000 - 0x00007ff8c902b000 	C:\WINDOWS\System32\wintypes.dll
0x00007ff8c5820000 - 0x00007ff8c607d000 	C:\WINDOWS\SYSTEM32\windows.storage.dll
0x00007ff8caaa0000 - 0x00007ff8cab92000 	C:\WINDOWS\System32\SHCORE.dll
0x00007ff8c9da0000 - 0x00007ff8c9e02000 	C:\WINDOWS\System32\shlwapi.dll
0x00007ff8c8510000 - 0x00007ff8c8539000 	C:\WINDOWS\SYSTEM32\profapi.dll
0x00007ff8aba80000 - 0x00007ff8aba98000 	c:\Users\gusta\.vscode\extensions\redhat.java-1.46.0-win32-x64\jre\21.0.8-win32-x86_64\bin\zip.dll
0x00007ff8b72a0000 - 0x00007ff8b72b0000 	C:\Users\gusta\.vscode\extensions\redhat.java-1.46.0-win32-x64\jre\21.0.8-win32-x86_64\bin\net.dll
0x00007ff8bdfc0000 - 0x00007ff8be0df000 	C:\WINDOWS\SYSTEM32\WINHTTP.dll
0x00007ff8c7000000 - 0x00007ff8c706b000 	C:\WINDOWS\system32\mswsock.dll
0x00007ff8b2e40000 - 0x00007ff8b2e56000 	C:\Users\gusta\.vscode\extensions\redhat.java-1.46.0-win32-x64\jre\21.0.8-win32-x86_64\bin\nio.dll
0x00007ff8b5760000 - 0x00007ff8b5770000 	c:\Users\gusta\.vscode\extensions\redhat.java-1.46.0-win32-x64\jre\21.0.8-win32-x86_64\bin\verify.dll
0x00007ff8a6b70000 - 0x00007ff8a6bb4000 	C:\Users\gusta\AppData\Roaming\Code\User\globalStorage\redhat.java\1.46.0\config_win\org.eclipse.equinox.launcher\org.eclipse.equinox.launcher.win32.win32.x86_64_1.2.1400.v20250801-0854\eclipse_11916.dll
0x00007ff8c95e0000 - 0x00007ff8c9778000 	C:\WINDOWS\System32\ole32.dll
0x00007ff8c8120000 - 0x00007ff8c813b000 	C:\WINDOWS\SYSTEM32\CRYPTSP.dll
0x00007ff8c6fc0000 - 0x00007ff8c6ffb000 	C:\WINDOWS\system32\rsaenh.dll
0x00007ff8c70a0000 - 0x00007ff8c70cb000 	C:\WINDOWS\SYSTEM32\USERENV.dll
0x00007ff8c84e0000 - 0x00007ff8c8506000 	C:\WINDOWS\SYSTEM32\bcrypt.dll
0x00007ff8c7480000 - 0x00007ff8c748c000 	C:\WINDOWS\SYSTEM32\CRYPTBASE.dll
0x00007ff8c64f0000 - 0x00007ff8c6524000 	C:\WINDOWS\SYSTEM32\IPHLPAPI.DLL
0x00007ff8c9e70000 - 0x00007ff8c9e7a000 	C:\WINDOWS\System32\NSI.dll
0x00007ff8a5e20000 - 0x00007ff8a5e69000 	C:\Users\gusta\AppData\Local\Temp\jna-98722418\jna4855686551188533499.dll
0x00007ff8caba0000 - 0x00007ff8caba8000 	C:\WINDOWS\System32\PSAPI.DLL
0x00007ff8be1d0000 - 0x00007ff8be1ee000 	C:\WINDOWS\SYSTEM32\dhcpcsvc6.DLL
0x00007ff8be160000 - 0x00007ff8be183000 	C:\WINDOWS\SYSTEM32\dhcpcsvc.DLL
0x00007ff8b0790000 - 0x00007ff8b079e000 	C:\Users\gusta\.vscode\extensions\redhat.java-1.46.0-win32-x64\jre\21.0.8-win32-x86_64\bin\sunmscapi.dll
0x00007ff8c8cb0000 - 0x00007ff8c8e27000 	C:\WINDOWS\System32\CRYPT32.dll
0x00007ff8c76c0000 - 0x00007ff8c76f0000 	C:\WINDOWS\SYSTEM32\ncrypt.dll
0x00007ff8c75b0000 - 0x00007ff8c75ef000 	C:\WINDOWS\SYSTEM32\NTASN1.dll
0x00007ff8c65e0000 - 0x00007ff8c6706000 	C:\WINDOWS\SYSTEM32\DNSAPI.dll
0x00007ff8bbcb0000 - 0x00007ff8bbcbb000 	C:\Windows\System32\rasadhlp.dll
0x00007ff8bd190000 - 0x00007ff8bd216000 	C:\WINDOWS\System32\fwpuclnt.dll
0x00007ff8ae260000 - 0x00007ff8ae269000 	C:\Users\gusta\.vscode\extensions\redhat.java-1.46.0-win32-x64\jre\21.0.8-win32-x86_64\bin\extnet.dll
0x00007ff8c7ce0000 - 0x00007ff8c7d16000 	C:\WINDOWS\SYSTEM32\ntmarta.dll

JVMTI agents:
c:\Users\gusta\.vscode\extensions\redhat.java-1.46.0-win32-x64\lombok\lombok-1.18.39-4050.jar path:c:\Users\gusta\.vscode\extensions\redhat.java-1.46.0-win32-x64\jre\21.0.8-win32-x86_64\bin\instrument.dll, loaded, initialized, instrumentlib options:none

dbghelp: loaded successfully - version: 4.0.5 - missing functions: none
symbol engine: initialized successfully - sym options: 0x614 - pdb path: .;c:\Users\gusta\.vscode\extensions\redhat.java-1.46.0-win32-x64\jre\21.0.8-win32-x86_64\bin;C:\WINDOWS\SYSTEM32;C:\WINDOWS\WinSxS\amd64_microsoft.windows.common-controls_6595b64144ccf1df_6.0.26100.6899_none_3e0efeeae32e88c1;c:\Users\gusta\.vscode\extensions\redhat.java-1.46.0-win32-x64\jre\21.0.8-win32-x86_64\bin\server;C:\Users\gusta\AppData\Roaming\Code\User\globalStorage\redhat.java\1.46.0\config_win\org.eclipse.equinox.launcher\org.eclipse.equinox.launcher.win32.win32.x86_64_1.2.1400.v20250801-0854;C:\Users\gusta\AppData\Local\Temp\jna-98722418

VM Arguments:
jvm_args: --add-modules=ALL-SYSTEM --add-opens=java.base/java.util=ALL-UNNAMED --add-opens=java.base/java.lang=ALL-UNNAMED --add-opens=java.base/sun.nio.fs=ALL-UNNAMED -Declipse.application=org.eclipse.jdt.ls.core.id1 -Dosgi.bundles.defaultStartLevel=4 -Declipse.product=org.eclipse.jdt.ls.core.product -Djava.import.generatesMetadataFilesAtProjectRoot=false -DDetectVMInstallationsJob.disabled=true -Dfile.encoding=utf8 -XX:+UseParallelGC -XX:GCTimeRatio=4 -XX:AdaptiveSizePolicyWeight=90 -Dsun.zip.disableMemoryMapping=true -Xmx2G -Xms100m -Xlog:disable -javaagent:c:\Users\gusta\.vscode\extensions\redhat.java-1.46.0-win32-x64\lombok\lombok-1.18.39-4050.jar -XX:+HeapDumpOnOutOfMemoryError -XX:HeapDumpPath=c:\Users\gusta\AppData\Roaming\Code\User\workspaceStorage\54a2dfcec610b4200f439239dc1fb522\redhat.java -Daether.dependencyCollector.impl=bf 
java_command: c:\Users\gusta\.vscode\extensions\redhat.java-1.46.0-win32-x64\server\plugins\org.eclipse.equinox.launcher_1.7.0.v20250519-0528.jar -configuration c:\Users\gusta\AppData\Roaming\Code\User\globalStorage\redhat.java\1.46.0\config_win -data c:\Users\gusta\AppData\Roaming\Code\User\workspaceStorage\54a2dfcec610b4200f439239dc1fb522\redhat.java\jdt_ws --pipe=\\.\pipe\lsp-2113fb95e5efee126102d6a16a315197-sock
java_class_path (initial): c:\Users\gusta\.vscode\extensions\redhat.java-1.46.0-win32-x64\server\plugins\org.eclipse.equinox.launcher_1.7.0.v20250519-0528.jar
Launcher Type: SUN_STANDARD

[Global flags]
    uintx AdaptiveSizePolicyWeight                 = 90                                        {product} {command line}
     intx CICompilerCount                          = 12                                        {product} {ergonomic}
    uintx GCTimeRatio                              = 4                                         {product} {command line}
     bool HeapDumpOnOutOfMemoryError               = true                                   {manageable} {command line}
    ccstr HeapDumpPath                             = c:\Users\gusta\AppData\Roaming\Code\User\workspaceStorage\54a2dfcec610b4200f439239dc1fb522\redhat.java         {manageable} {command line}
   size_t InitialHeapSize                          = 104857600                                 {product} {command line}
   size_t MaxHeapSize                              = 2147483648                                {product} {command line}
   size_t MaxNewSize                               = 715653120                                 {product} {ergonomic}
   size_t MinHeapDeltaBytes                        = 524288                                    {product} {ergonomic}
   size_t MinHeapSize                              = 104857600                                 {product} {command line}
   size_t NewSize                                  = 34603008                                  {product} {ergonomic}
    uintx NonNMethodCodeHeapSize                   = 7602480                                {pd product} {ergonomic}
    uintx NonProfiledCodeHeapSize                  = 122027880                              {pd product} {ergonomic}
   size_t OldSize                                  = 70254592                                  {product} {ergonomic}
    uintx ProfiledCodeHeapSize                     = 122027880                              {pd product} {ergonomic}
    uintx ReservedCodeCacheSize                    = 251658240                              {pd product} {ergonomic}
     bool SegmentedCodeCache                       = true                                      {product} {ergonomic}
   size_t SoftMaxHeapSize                          = 2147483648                             {manageable} {ergonomic}
     bool UseCompressedOops                        = true                           {product lp64_product} {ergonomic}
     bool UseLargePagesIndividualAllocation        = false                                  {pd product} {ergonomic}
     bool UseParallelGC                            = true                                      {product} {command line}

Logging:
Log output configuration:
 #0: stdout all=off uptime,level,tags foldmultilines=false
 #1: stderr all=off uptime,level,tags foldmultilines=false

Environment Variables:
JAVA_HOME=C:\Program Files\Java\zulu21.40.17-ca-jdk21.0.6-win_x64
PATH=C:\Program Files\Java\zulu21.40.17-ca-jdk21.0.6-win_x64\bin;C:\Program Files (x86)\Falcon\MinGW\bin;C:\Program Files\Common Files\Oracle\Java\javapath;C:\Program Files (x86)\Common Files\Oracle\Java\java8path;C:\Program Files (x86)\Common Files\Oracle\Java\javapath;C:\WINDOWS\system32;C:\WINDOWS;C:\WINDOWS\System32\Wbem;C:\WINDOWS\System32\WindowsPowerShell\v1.0\;C:\WINDOWS\System32\OpenSSH\;C:\Program Files\nodejs\;C:\Program Files\Git\cmd;C:\Program Files\MySQL\MySQL Shell 8.0\bin\;C:\Users\gusta\AppData\Local\Programs\Python\Python313\Scripts\;C:\Users\gusta\AppData\Local\Programs\Python\Python313\;C:\Users\gusta\AppData\Local\Microsoft\WindowsApps;C:\Users\gusta\AppData\Local\Programs\Microsoft VS Code\bin;C:\Users\gusta\AppData\Roaming\npm;C:\ProgramData\Microsoft\Windows\Start Menu\Programs\Git;C:\Program Files\JetBrains\IntelliJ IDEA Community Edition 2025.2.2\bin
USERNAME=gusta
OS=Windows_NT
PROCESSOR_IDENTIFIER=AMD64 Family 23 Model 104 Stepping 1, AuthenticAMD
TMP=C:\Users\gusta\AppData\Local\Temp
TEMP=C:\Users\gusta\AppData\Local\Temp




Periodic native trim disabled

---------------  S Y S T E M  ---------------

OS:
 Windows 11 , 64 bit Build 26100 (10.0.26100.6725)
OS uptime: 0 days 7:02 hours

CPU: total 16 (initial active 16) (16 cores per cpu, 2 threads per core) family 23 model 104 stepping 1 microcode 0x8608103, cx8, cmov, fxsr, ht, mmx, 3dnowpref, sse, sse2, sse3, ssse3, sse4a, sse4.1, sse4.2, popcnt, lzcnt, tsc, tscinvbit, avx, avx2, aes, clmul, bmi1, bmi2, adx, sha, fma, vzeroupper, clflush, clflushopt, rdtscp, rdpid, f16c
Processor Information for the first 16 processors :
  Max Mhz: 1801, Current Mhz: 1801, Mhz Limit: 1801

Memory: 4k page, system-wide physical 6005M (269M free)
TotalPageFile size 24437M (AvailPageFile size 6M)
current process WorkingSet (physical memory assigned to process): 255M, peak: 379M
current process commit charge ("private bytes"): 913M, peak: 929M

vm_info: OpenJDK 64-Bit Server VM (21.0.8+9-LTS) for windows-amd64 JRE (21.0.8+9-LTS), built on 2025-07-15T00:00:00Z by "admin" with MS VC++ 17.7 (VS2022)

END.
